[    0.000000] Linux version 4.15.0-191-generic (buildd@lcy02-amd64-032) (gcc version 7.5.0 (Ubuntu 7.5.0-3ubuntu1~18.04)) #202-Ubuntu SMP Thu Aug 4 01:49:29 UTC 2022 (Ubuntu 4.15.0-191.202-generic 4.15.18)
[    0.000000] Command line: BOOT_IMAGE=/boot/vmlinuz-4.15.0-191-generic root=LABEL=cloudimg-rootfs ro console=tty1 console=ttyS0
[    0.000000] KERNEL supported cpus:
[    0.000000]   Intel GenuineIntel
[    0.000000]   AMD AuthenticAMD
[    0.000000]   Centaur CentaurHauls
[    0.000000] x86/fpu: x87 FPU will use FXSAVE
[    0.000000] e820: BIOS-provided physical RAM map:
[    0.000000] BIOS-e820: [mem 0x0000000000000000-0x000000000009fbff] usable
[    0.000000] BIOS-e820: [mem 0x000000000009fc00-0x000000000009ffff] reserved
[    0.000000] BIOS-e820: [mem 0x00000000000f0000-0x00000000000fffff] reserved
[    0.000000] BIOS-e820: [mem 0x0000000000100000-0x000000007ffeffff] usable
[    0.000000] BIOS-e820: [mem 0x000000007fff0000-0x000000007fffffff] ACPI data
[    0.000000] BIOS-e820: [mem 0x00000000fec00000-0x00000000fec00fff] reserved
[    0.000000] BIOS-e820: [mem 0x00000000fee00000-0x00000000fee00fff] reserved
[    0.000000] BIOS-e820: [mem 0x00000000fffc0000-0x00000000ffffffff] reserved
[    0.000000] NX (Execute Disable) protection: active
[    0.000000] SMBIOS 2.5 present.
[    0.000000] DMI: innotek GmbH VirtualBox/VirtualBox, BIOS VirtualBox 12/01/2006
[    0.000000] Hypervisor detected: KVM
[    0.000000] e820: last_pfn = 0x7fff0 max_arch_pfn = 0x400000000
[    0.000000] MTRR: Disabled
[    0.000000] x86/PAT: MTRRs disabled, skipping PAT initialization too.
[    0.000000] CPU MTRRs all blank - virtualized system.
[    0.000000] x86/PAT: Configuration [0-7]: WB  WT  UC- UC  WB  WT  UC- UC  
[    0.000000] found SMP MP-table at [mem 0x0009fff0-0x0009ffff]
[    0.000000] Scanning 1 areas for low memory corruption
[    0.000000] RAMDISK: [mem 0x359cb000-0x36cdcfff]
[    0.000000] ACPI: Early table checksum verification disabled
[    0.000000] ACPI: RSDP 0x00000000000E0000 000024 (v02 VBOX  )
[    0.000000] ACPI: XSDT 0x000000007FFF0030 00003C (v01 VBOX   VBOXXSDT 00000001 ASL  00000061)
[    0.000000] ACPI: FACP 0x000000007FFF00F0 0000F4 (v04 VBOX   VBOXFACP 00000001 ASL  00000061)
[    0.000000] ACPI: DSDT 0x000000007FFF0470 002325 (v02 VBOX   VBOXBIOS 00000002 INTL 20100528)
[    0.000000] ACPI: FACS 0x000000007FFF0200 000040
[    0.000000] ACPI: FACS 0x000000007FFF0200 000040
[    0.000000] ACPI: APIC 0x000000007FFF0240 00005C (v02 VBOX   VBOXAPIC 00000001 ASL  00000061)
[    0.000000] ACPI: SSDT 0x000000007FFF02A0 0001CC (v01 VBOX   VBOXCPUT 00000002 INTL 20100528)
[    0.000000] ACPI: Reserving FACP table memory at [mem 0x7fff00f0-0x7fff01e3]
[    0.000000] ACPI: Reserving DSDT table memory at [mem 0x7fff0470-0x7fff2794]
[    0.000000] ACPI: Reserving FACS table memory at [mem 0x7fff0200-0x7fff023f]
[    0.000000] ACPI: Reserving FACS table memory at [mem 0x7fff0200-0x7fff023f]
[    0.000000] ACPI: Reserving APIC table memory at [mem 0x7fff0240-0x7fff029b]
[    0.000000] ACPI: Reserving SSDT table memory at [mem 0x7fff02a0-0x7fff046b]
[    0.000000] No NUMA configuration found
[    0.000000] Faking a node at [mem 0x0000000000000000-0x000000007ffeffff]
[    0.000000] NODE_DATA(0) allocated [mem 0x7ffc5000-0x7ffeffff]
[    0.000000] kvm-clock: cpu 0, msr 0:7ff44001, primary cpu clock
[    0.000000] kvm-clock: Using msrs 4b564d01 and 4b564d00
[    0.000000] kvm-clock: using sched offset of 4224810804 cycles
[    0.000000] clocksource: kvm-clock: mask: 0xffffffffffffffff max_cycles: 0x1cd42e4dffb, max_idle_ns: 881590591483 ns
[    0.000000] Zone ranges:
[    0.000000]   DMA      [mem 0x0000000000001000-0x0000000000ffffff]
[    0.000000]   DMA32    [mem 0x0000000001000000-0x000000007ffeffff]
[    0.000000]   Normal   empty
[    0.000000]   Device   empty
[    0.000000] Movable zone start for each node
[    0.000000] Early memory node ranges
[    0.000000]   node   0: [mem 0x0000000000001000-0x000000000009efff]
[    0.000000]   node   0: [mem 0x0000000000100000-0x000000007ffeffff]
[    0.000000] Reserved but unavailable: 104 pages
[    0.000000] Initmem setup node 0 [mem 0x0000000000001000-0x000000007ffeffff]
[    0.000000] ACPI: PM-Timer IO Port: 0x4008
[    0.000000] IOAPIC[0]: apic_id 2, version 32, address 0xfec00000, GSI 0-23
[    0.000000] ACPI: INT_SRC_OVR (bus 0 bus_irq 0 global_irq 2 dfl dfl)
[    0.000000] ACPI: INT_SRC_OVR (bus 0 bus_irq 9 global_irq 9 low level)
[    0.000000] Using ACPI (MADT) for SMP configuration information
[    0.000000] smpboot: Allowing 2 CPUs, 0 hotplug CPUs
[    0.000000] PM: Registered nosave memory: [mem 0x00000000-0x00000fff]
[    0.000000] PM: Registered nosave memory: [mem 0x0009f000-0x0009ffff]
[    0.000000] PM: Registered nosave memory: [mem 0x000a0000-0x000effff]
[    0.000000] PM: Registered nosave memory: [mem 0x000f0000-0x000fffff]
[    0.000000] e820: [mem 0x80000000-0xfebfffff] available for PCI devices
[    0.000000] Booting paravirtualized kernel on KVM
[    0.000000] clocksource: refined-jiffies: mask: 0xffffffff max_cycles: 0xffffffff, max_idle_ns: 7645519600211568 ns
[    0.000000] random: get_random_bytes called from start_kernel+0x99/0x500 with crng_init=0
[    0.000000] setup_percpu: NR_CPUS:8192 nr_cpumask_bits:2 nr_cpu_ids:2 nr_node_ids:1
[    0.000000] percpu: Embedded 50 pages/cpu s167936 r8192 d28672 u1048576
[    0.000000] PV qspinlock hash table entries: 256 (order: 0, 4096 bytes)
[    0.000000] Built 1 zonelists, mobility grouping on.  Total pages: 515961
[    0.000000] Policy zone: DMA32
[    0.000000] Kernel command line: BOOT_IMAGE=/boot/vmlinuz-4.15.0-191-generic root=LABEL=cloudimg-rootfs ro console=tty1 console=ttyS0
[    0.000000] Memory: 2014840K/2096696K available (12300K kernel code, 2484K rwdata, 4324K rodata, 2468K init, 2724K bss, 81856K reserved, 0K cma-reserved)
[    0.000000] SLUB: HWalign=64, Order=0-3, MinObjects=0, CPUs=2, Nodes=1
[    0.000000] Kernel/User page tables isolation: enabled
[    0.000000] ftrace: allocating 39485 entries in 155 pages
[    0.004000] Hierarchical RCU implementation.
[    0.004000] 	RCU restricting CPUs from NR_CPUS=8192 to nr_cpu_ids=2.
[    0.004000] 	Tasks RCU enabled.
[    0.004000] RCU: Adjusting geometry for rcu_fanout_leaf=16, nr_cpu_ids=2
[    0.004000] NR_IRQS: 524544, nr_irqs: 440, preallocated irqs: 16
[    0.004000] Console: colour VGA+ 80x25
[    0.004000] console [tty1] enabled
[    0.004000] console [ttyS0] enabled
[    0.004000] ACPI: Core revision 20170831
[    0.004000] ACPI: 2 ACPI AML tables successfully acquired and loaded
[    0.004000] APIC: Switch to symmetric I/O mode setup
[    0.008000] ..TIMER: vector=0x30 apic1=0 pin1=2 apic2=-1 pin2=-1
[    0.008006] tsc: Detected 3600.014 MHz processor
[    0.012034] Calibrating delay loop (skipped) preset value.. 7200.02 BogoMIPS (lpj=14400056)
[    0.016006] pid_max: default: 32768 minimum: 301
[    0.020080] Security Framework initialized
[    0.024004] Yama: becoming mindful.
[    0.028091] AppArmor: AppArmor initialized
[    0.040843] Dentry cache hash table entries: 262144 (order: 9, 2097152 bytes)
[    0.051909] Inode-cache hash table entries: 131072 (order: 8, 1048576 bytes)
[    0.052148] Mount-cache hash table entries: 4096 (order: 3, 32768 bytes)
[    0.056124] Mountpoint-cache hash table entries: 4096 (order: 3, 32768 bytes)
[    0.061751] Last level iTLB entries: 4KB 128, 2MB 8, 4MB 8
[    0.064004] Last level dTLB entries: 4KB 64, 2MB 0, 4MB 0, 1GB 4
[    0.068006] Spectre V1 : Mitigation: usercopy/swapgs barriers and __user pointer sanitization
[    0.072005] Spectre V2 : Mitigation: Retpolines
[    0.076003] Spectre V2 : Spectre v2 / SpectreRSB mitigation: Filling RSB on context switch
[    0.080005] Speculative Store Bypass: Vulnerable
[    0.088064] MDS: Mitigation: Clear CPU buffers
[    0.092002] MMIO Stale Data: Mitigation: Clear CPU buffers
[    0.096177] Freeing SMP alternatives memory: 36K
[    0.214950] smpboot: CPU0: Intel(R) Core(TM) i3-8100 CPU @ 3.60GHz (family: 0x6, model: 0x9e, stepping: 0xb)
[    0.216483] Performance Events: unsupported p6 CPU model 158 no PMU driver, software events only.
[    0.220153] Hierarchical SRCU implementation.
[    0.224805] NMI watchdog: Perf event create on CPU 0 failed with -2
[    0.228023] NMI watchdog: Perf NMI watchdog permanently disabled
[    0.232347] smp: Bringing up secondary CPUs ...
[    0.236947] x86: Booting SMP configuration:
[    0.240005] .... node  #0, CPUs:      #1
[    0.004000] kvm-clock: cpu 1, msr 0:7ff44041, secondary cpu clock
[    0.252000] TSC synchronization [CPU#0 -> CPU#1]:
[    0.252000] Measured 118812 cycles TSC warp between CPUs, turning off TSC clock.
[    0.252000] tsc: Marking TSC unstable due to check_tsc_sync_source failed
[    0.260287] smp: Brought up 1 node, 2 CPUs
[    0.264005] smpboot: Max logical packages: 1
[    0.268005] smpboot: Total of 2 processors activated (14400.05 BogoMIPS)
[    0.276004] devtmpfs: initialized
[    0.280041] x86/mm: Memory block size: 128MB
[    0.284557] evm: security.selinux
[    0.288003] evm: security.SMACK64
[    0.292004] evm: security.SMACK64EXEC
[    0.296003] evm: security.SMACK64TRANSMUTE
[    0.300003] evm: security.SMACK64MMAP
[    0.304002] evm: security.apparmor
[    0.308002] evm: security.ima
[    0.312003] evm: security.capability
[    0.320485] clocksource: jiffies: mask: 0xffffffff max_cycles: 0xffffffff, max_idle_ns: 7645041785100000 ns
[    0.324017] futex hash table entries: 512 (order: 3, 32768 bytes)
[    0.328179] pinctrl core: initialized pinctrl subsystem
[    0.332604] RTC time: 13:51:20, date: 08/26/22
[    0.340172] NET: Registered protocol family 16
[    0.344176] audit: initializing netlink subsys (disabled)
[    0.352116] audit: type=2000 audit(1661521885.214:1): state=initialized audit_enabled=0 res=1
[    0.360012] cpuidle: using governor ladder
[    0.364011] cpuidle: using governor menu
[    0.368052] ACPI: bus type PCI registered
[    0.372005] acpiphp: ACPI Hot Plug PCI Controller Driver version: 0.5
[    0.376567] PCI: Using configuration type 1 for base access
[    0.384399] HugeTLB registered 2.00 MiB page size, pre-allocated 0 pages
[    0.388683] ACPI: Added _OSI(Module Device)
[    0.392117] ACPI: Added _OSI(Processor Device)
[    0.396012] ACPI: Added _OSI(3.0 _SCP Extensions)
[    0.400003] ACPI: Added _OSI(Processor Aggregator Device)
[    0.404005] ACPI: Added _OSI(Linux-Dell-Video)
[    0.408005] ACPI: Added _OSI(Linux-Lenovo-NV-HDMI-Audio)
[    0.412005] ACPI: Added _OSI(Linux-HPI-Hybrid-Graphics)
[    0.417024] ACPI: Executed 1 blocks of module-level executable AML code
[    0.425300] ACPI: Interpreter enabled
[    0.428024] ACPI: (supports S0 S5)
[    0.432004] ACPI: Using IOAPIC for interrupt routing
[    0.436493] PCI: Using host bridge windows from ACPI; if necessary, use "pci=nocrs" and report a bug
[    0.440304] ACPI: Enabled 2 GPEs in block 00 to 07
[    0.462152] ACPI: PCI Root Bridge [PCI0] (domain 0000 [bus 00-ff])
[    0.464020] acpi PNP0A03:00: _OSC: OS supports [ASPM ClockPM Segments MSI]
[    0.472440] acpi PNP0A03:00: _OSC: not requesting OS control; OS requires [ExtendedConfig ASPM ClockPM MSI]
[    0.476023] acpi PNP0A03:00: fail to add MMCONFIG information, can't access extended PCI configuration space under this bridge.
[    0.480880] PCI host bridge to bus 0000:00
[    0.484011] pci_bus 0000:00: root bus resource [io  0x0000-0x0cf7 window]
[    0.488009] pci_bus 0000:00: root bus resource [io  0x0d00-0xffff window]
[    0.492010] pci_bus 0000:00: root bus resource [mem 0x000a0000-0x000bffff window]
[    0.496009] pci_bus 0000:00: root bus resource [mem 0x80000000-0xfdffffff window]
[    0.500009] pci_bus 0000:00: root bus resource [bus 00-ff]
[    0.513597] pci 0000:00:01.1: legacy IDE quirk: reg 0x10: [io  0x01f0-0x01f7]
[    0.516007] pci 0000:00:01.1: legacy IDE quirk: reg 0x14: [io  0x03f6]
[    0.520005] pci 0000:00:01.1: legacy IDE quirk: reg 0x18: [io  0x0170-0x0177]
[    0.524009] pci 0000:00:01.1: legacy IDE quirk: reg 0x1c: [io  0x0376]
[    0.550914] pci 0000:00:07.0: quirk: [io  0x4000-0x403f] claimed by PIIX4 ACPI
[    0.552054] pci 0000:00:07.0: quirk: [io  0x4100-0x410f] claimed by PIIX4 SMB
[    0.570172] ACPI: PCI Interrupt Link [LNKA] (IRQs 5 9 10 *11)
[    0.576554] ACPI: PCI Interrupt Link [LNKB] (IRQs 5 9 *10 11)
[    0.580254] ACPI: PCI Interrupt Link [LNKC] (IRQs 5 *9 10 11)
[    0.584245] ACPI: PCI Interrupt Link [LNKD] (IRQs 5 9 10 *11)
[    0.588855] SCSI subsystem initialized
[    0.592221] pci 0000:00:02.0: vgaarb: setting as boot VGA device
[    0.596000] pci 0000:00:02.0: vgaarb: VGA device added: decodes=io+mem,owns=io+mem,locks=none
[    0.596010] pci 0000:00:02.0: vgaarb: bridge control possible
[    0.600003] vgaarb: loaded
[    0.604118] ACPI: bus type USB registered
[    0.608020] usbcore: registered new interface driver usbfs
[    0.612042] usbcore: registered new interface driver hub
[    0.616014] usbcore: registered new device driver usb
[    0.620367] EDAC MC: Ver: 3.0.0
[    0.628429] PCI: Using ACPI for IRQ routing
[    0.632960] NetLabel: Initializing
[    0.636002] NetLabel:  domain hash size = 128
[    0.640006] NetLabel:  protocols = UNLABELED CIPSOv4 CALIPSO
[    0.648080] NetLabel:  unlabeled traffic allowed by default
[    0.652238] clocksource: Switched to clocksource kvm-clock
[    0.679541] VFS: Disk quotas dquot_6.6.0
[    0.679541] VFS: Dquot-cache hash table entries: 512 (order 0, 4096 bytes)
[    0.679541] AppArmor: AppArmor Filesystem Enabled
[    0.679541] pnp: PnP ACPI init
[    0.679541] pnp: PnP ACPI: found 3 devices
[    0.766902] clocksource: acpi_pm: mask: 0xffffff max_cycles: 0xffffff, max_idle_ns: 2085701024 ns
[    0.769071] NET: Registered protocol family 2
[    0.769071] IP idents hash table entries: 32768 (order: 6, 262144 bytes)
[    0.788629] TCP established hash table entries: 16384 (order: 5, 131072 bytes)
[    0.796135] TCP bind hash table entries: 16384 (order: 6, 262144 bytes)
[    0.799618] TCP: Hash tables configured (established 16384 bind 16384)
[    0.799618] UDP hash table entries: 1024 (order: 3, 32768 bytes)
[    0.799618] UDP-Lite hash table entries: 1024 (order: 3, 32768 bytes)
[    0.799618] NET: Registered protocol family 1
[    0.799618] pci 0000:00:00.0: Limiting direct PCI/PCI transfers
[    0.799618] pci 0000:00:01.0: Activating ISA DMA hang workarounds
[    0.799618] pci 0000:00:02.0: Video device with shadowed ROM at [mem 0x000c0000-0x000dffff]
[    0.799618] Unpacking initramfs...
[    1.344089] Freeing initrd memory: 19528K
[    1.348365] clocksource: tsc: mask: 0xffffffffffffffff max_cycles: 0x33e46021ac2, max_idle_ns: 440795240423 ns
[    1.357961] platform rtc_cmos: registered platform RTC device (no PNP device found)
[    1.365241] Scanning for low memory corruption every 60 seconds
[    1.373520] Initialise system trusted keyrings
[    1.377980] Key type blacklist registered
[    1.382670] workingset: timestamp_bits=36 max_order=19 bucket_order=0
[    1.391486] zbud: loaded
[    1.395522] squashfs: version 4.0 (2009/01/31) Phillip Lougher
[    1.403061] fuse init (API version 7.26)
[    1.427669] Key type asymmetric registered
[    1.432439] Asymmetric key parser 'x509' registered
[    1.437267] Block layer SCSI generic (bsg) driver version 0.4 loaded (major 246)
[    1.445227] io scheduler noop registered
[    1.449213] io scheduler deadline registered
[    1.453846] io scheduler cfq registered (default)
[    1.459769] ACPI: AC Adapter [AC] (on-line)
[    1.464287] input: Power Button as /devices/LNXSYSTM:00/LNXPWRBN:00/input/input0
[    1.472538] ACPI: Power Button [PWRF]
[    1.476486] input: Sleep Button as /devices/LNXSYSTM:00/LNXSLPBN:00/input/input1
[    1.483992] ACPI: Sleep Button [SLPF]
[    1.489542] Serial: 8250/16550 driver, 32 ports, IRQ sharing enabled
    1.500050] 00:02: ttyS0 at I/O 0x3f8 (irq = 4, base_baud = 115200) is a 16550A
[    1.885391] Linux agpgart interface v0.103
[    1.894653] loop: module loaded
[    1.900193] scsi host0: ata_piix
[    1.904867] scsi host1: ata_piix
[    1.908210] ata1: PATA max UDMA/33 cmd 0x1f0 ctl 0x3f6 bmdma 0xd000 irq 14
[    1.914825] ata2: PATA max UDMA/33 cmd 0x170 ctl 0x376 bmdma 0xd008 irq 15
[    1.921649] tun: Universal TUN/TAP device driver, 1.6
[    1.926818] PPP generic driver version 2.4.2
[    1.931281] ehci_hcd: USB 2.0 'Enhanced' Host Controller (EHCI) Driver
[    1.937525] ehci-pci: EHCI PCI platform driver
[    1.941479] ehci-platform: EHCI generic platform driver
[    1.946997] ohci_hcd: USB 1.1 'Open' Host Controller (OHCI) Driver
[    1.952901] ohci-pci: OHCI PCI platform driver
[    1.957433] ohci-platform: OHCI generic platform driver
[    1.962809] uhci_hcd: USB Universal Host Controller Interface driver
[    1.969279] i8042: PNP: PS/2 Controller [PNP0303:PS2K,PNP0f03:PS2M] at 0x60,0x64 irq 1,12
[    1.981053] serio: i8042 KBD port at 0x60,0x64 irq 1
[    1.986080] serio: i8042 AUX port at 0x60,0x64 irq 12
[    1.992207] mousedev: PS/2 mouse device common for all mice
[    2.000310] rtc_cmos rtc_cmos: rtc core: registered rtc_cmos as rtc0
[    2.007901] rtc_cmos rtc_cmos: alarms up to one day, 114 bytes nvram
[    2.014461] input: AT Translated Set 2 keyboard as /devices/platform/i8042/serio0/input/input2
[    2.020641] i2c /dev entries driver
[    2.026781] device-mapper: uevent: version 1.0.3
[    2.032461] device-mapper: ioctl: 4.37.0-ioctl (2017-09-20) initialised: dm-devel@redhat.com
[    2.041156] ledtrig-cpu: registered to indicate activity on CPUs
[    2.050180] NET: Registered protocol family 10
[    2.063431] Segment Routing with IPv6
[    2.067516] NET: Registered protocol family 17
[    2.073106] Key type dns_resolver registered
[    2.078467] mce: Using 0 MCE banks
[    2.088633] RAS: Correctable Errors collector initialized.
[    2.094170] sched_clock: Marking stable (2094115466, 0)->(2997907551, -903792085)
[    2.147541] registered taskstats version 1
[    2.152207] Loading compiled-in X.509 certificates
[    2.161858] Loaded X.509 cert 'Build time autogenerated kernel key: c22b55fccca0ab4a1b471e83eb5a5035df964114'
[    2.172717] Loaded X.509 cert 'Canonical Ltd. Live Patch Signing: 14df34d1a87cf37625abec039ef2bf521249b969'
[    2.182700] Loaded X.509 cert 'Canonical Ltd. Kernel Module Signing: 88f752e560a1e0737e31163a466ad7b70a850c19'
[    2.192793] blacklist: Loading compiled-in revocation X.509 certificates
[    2.199686] Loaded X.509 cert 'Canonical Ltd. Secure Boot Signing: 61482aa2830d0ab2ad5af10b7250da9033ddcef0'
[    2.209815] zswap: loaded using pool lzo/zbud
[    2.225142] Key type big_key registered
[    2.229501] Key type trusted registered
[    2.237282] Key type encrypted registered
[    2.241846] AppArmor: AppArmor sha1 policy hashing enabled
[    2.247842] ima: No TPM chip found, activating TPM-bypass! (rc=-19)
[    2.254270] ima: Allocated hash algorithm: sha1
[    2.259192] evm: HMAC attrs: 0x1
[    2.264073]   Magic number: 2:684:888
[    2.268787] rtc_cmos rtc_cmos: setting system clock to 2022-08-26 13:51:22 UTC (1661521882)
[    2.277597] BIOS EDD facility v0.16 2004-Jun-25, 0 devices found
[    2.283774] EDD information not available.
[    2.292066] Freeing unused kernel image memory: 2468K
[    2.312181] Write protecting the kernel read-only data: 20480k
[    2.319076] Freeing unused kernel image memory: 2008K
[    2.325196] Freeing unused kernel image memory: 1820K
[    2.335752] x86/mm: Checked W+X mappings: passed, no W+X pages found.
[    2.342431] x86/mm: Checking user space page tables
[    2.352473] x86/mm: Checked W+X mappings: passed, no W+X pages found.
Loading, please wait...
starting version 237
[    2.449105] e1000: Intel(R) PRO/1000 Network Driver - version 7.3.21-k8-NAPI
[    2.456168] e1000: Copyright (c) 1999-2006 Intel Corporation.
[    2.466836] Fusion MPT base driver 3.04.20
[    2.471395] Copyright (c) 1999-2008 LSI Corporation
[    2.500980] Fusion MPT SPI Host driver 3.04.20
[    2.711263] input: ImExPS/2 Generic Explorer Mouse as /devices/platform/i8042/serio1/input/input4
[    3.201325] e1000 0000:00:03.0 eth0: (PCI:33MHz:32-bit) 02:dd:70:87:b9:65
[    3.208127] e1000 0000:00:03.0 eth0: Intel(R) PRO/1000 Network Connection
[    3.906533] e1000 0000:00:08.0 eth1: (PCI:33MHz:32-bit) 08:00:27:76:11:44
[    3.913638] e1000 0000:00:08.0 eth1: Intel(R) PRO/1000 Network Connection
[    3.922948] e1000 0000:00:03.0 enp0s3: renamed from eth0
[    3.928976] mptbase: ioc0: Initiating bringup
[    3.957156] e1000 0000:00:08.0 enp0s8: renamed from eth1
[    4.047929] ioc0: LSI53C1030 A0: Capabilities={Initiator}
[    5.786326] scsi host2: ioc0: LSI53C1030 A0, FwRev=00000000h, Ports=1, MaxQ=256, IRQ=20
[    6.894624] scsi 2:0:0:0: Direct-Access     VBOX     HARDDISK         1.0  PQ: 0 ANSI: 5
[    6.932298] scsi target2:0:0: Beginning Domain Validation
[    6.987335] scsi target2:0:0: Domain Validation skipping write tests
[    7.004603] scsi target2:0:0: Ending Domain Validation
[    7.029330] scsi target2:0:0: asynchronous
[    7.040334] random: fast init done
[    7.049998] scsi 2:0:1:0: Direct-Access     VBOX     HARDDISK         1.0  PQ: 0 ANSI: 5
[    7.092293] scsi target2:0:1: Beginning Domain Validation
[    7.109457] scsi target2:0:1: Domain Validation skipping write tests
[    7.116261] scsi target2:0:1: Ending Domain Validation
[    7.123655] scsi target2:0:1: asynchronous
[    7.143982] random: systemd-udevd: uninitialized urandom read (16 bytes read)
[    7.152084] random: systemd-udevd: uninitialized urandom read (16 bytes read)
[    7.153191] sd 2:0:0:0: [sda] 83886080 512-byte logical blocks: (42.9 GB/40.0 GiB)
[    7.161161] sd 2:0:0:0: Attached scsi generic sg0 type 0
[    7.170793] sd 2:0:0:0: [sda] Write Protect is off
[    7.182366] random: systemd-udevd: uninitialized urandom read (16 bytes read)
[    7.201105] sd 2:0:1:0: Attached scsi generic sg1 type 0
[    7.201276] sd 2:0:0:0: [sda] Incomplete mode parameter data
[    7.213385] sd 2:0:0:0: [sda] Assuming drive cache: write through
[    7.220581] sd 2:0:1:0: [sdb] 20480 512-byte logical blocks: (10.5 MB/10.0 MiB)
[    7.229966] sd 2:0:1:0: [sdb] Write Protect is off
[    7.237051] sd 2:0:1:0: [sdb] Incomplete mode parameter data
[    7.245735] sd 2:0:1:0: [sdb] Assuming drive cache: write through
[    7.247754]  sda: sda1
[    7.260681] sd 2:0:0:0: [sda] Attached SCSI disk
[    7.275386] sd 2:0:1:0: [sdb] Attached SCSI disk
Begin: Loading essential drivers ... [    9.428183] raid6: sse2x1   gen() 11736 MB/s
[    9.480409] raid6: sse2x1   xor()  8651 MB/s
[    9.532187] raid6: sse2x2   gen() 14728 MB/s
[    9.584169] raid6: sse2x2   xor()  9788 MB/s
[    9.636200] raid6: sse2x4   gen() 16223 MB/s
[    9.688280] raid6: sse2x4   xor() 10633 MB/s
[    9.692572] raid6: using algorithm sse2x4 gen() 16223 MB/s
[    9.697858] raid6: .... xor() 10633 MB/s, rmw enabled
[    9.702785] raid6: using ssse3x2 recovery algorithm
[    9.709984] xor: measuring software checksum speed
[    9.752177]    prefetch64-sse: 18789.000 MB/sec
[    9.796174]    generic_sse: 18632.000 MB/sec
[    9.800635] xor: using function: prefetch64-sse (18789.000 MB/sec)
[    9.808837] async_tx: api initialized (async)
done.
Begin: Running /scripts/init-premount ... done.
Begin: Mounting root file system ... Begin: Running /scripts/local-top ... done.
Begin: Running /scripts/local-premount ... [    9.879086] Btrfs loaded, crc32c=crc32c-intel
Scanning for Btrfs filesystems
done.
Warning: fsck not present, so skipping root file system
[    9.949473] EXT4-fs (sda1): mounted filesystem with ordered data mode. Opts: (null)
done.
Begin: Running /scripts/local-bottom ... done.
Begin: Running /scripts/init-bottom ... done.
[   10.470463] ip_tables: (C) 2000-2006 Netfilter Core Team
[   10.535098] systemd[1]: systemd 237 running in system mode. (+PAM +AUDIT +SELINUX +IMA +APPARMOR +SMACK +SYSVINIT +UTMP +LIBCRYPTSETUP +GCRYPT +GNUTLS +ACL +XZ +LZ4 +SECCOMP +BLKID +ELFUTILS +KMOD -IDN2 +IDN -PCRE2 default-hierarchy=hybrid)
[   10.555557] systemd[1]: Detected virtualization oracle.
[   10.561006] systemd[1]: Detected architecture x86-64.

Welcome to [1mUbuntu 18.04.6 LTS[0m!

[   10.606958] systemd[1]: Set hostname to <ubuntu>.
[   10.631913] systemd[1]: Initializing machine ID from random generator.
[   10.638347] systemd[1]: Installed transient /etc/machine-id file.
[   11.454293] systemd[1]: Reached target System Time Synchronized.
[[0;32m  OK  [0m] Reached target System Time Synchronized.
[   11.464079] systemd[1]: Started Forward Password Requests to Wall Directory Watch.
[[0;32m  OK  [0m] Started Forward Password Requests to Wall Directory Watch.
[   11.476042] systemd[1]: Set up automount Arbitrary Executable File Formats File System Automount Point.
[[0;32m  OK  [0m] Set up automount Arbitrary Executabâ€¦rmats File System Automount Point.
[   11.490381] systemd[1]: Reached target User and Group Name Lookups.
[[0;32m  OK  [0m] Reached target User and Group Name Lookups.
[[0;32m  OK  [0m] Created slice System Slice.
[[0;32m  OK  [0m] Listening on Journal Audit Socket.
[[0;32m  OK  [0m] Listening on LVM2 poll daemon socket.
[[0;32m  OK  [0m] Listening on Network Service Netlink Socket.
[[0;32m  OK  [0m] Listening on fsck to fsckd communication Socket.
[[0;32m  OK  [0m] Listening on LVM2 metadata daemon socket.
[[0;32m  OK  [0m] Listening on Journal Socket (/dev/log).
[[0;32m  OK  [0m] Listening on udev Kernel Socket.
[[0;32m  OK  [0m] Created slice system-serial\x2dgetty.slice.
[[0;32m  OK  [0m] Listening on udev Control Socket.
[[0;32m  OK  [0m] Listening on Syslog Socket.
[[0;32m  OK  [0m] Listening on Device-mapper event daemon FIFOs.
[[0;32m  OK  [0m] Listening on Journal Socket.
         Mounting POSIX Message Queue File System...
         Starting Journal Service...
         Starting Set the console keyboard layout...
         Starting udev Coldplug all Devices...
         Mounting Kernel Debug File System...
         Starting File System Check on Root Device...
         Starting Uncomplicated firewall...
         Starting Create list of required stâ€¦ce nodes for the current kernel...
         Mounting Huge Pages File System...
[[0;32m  OK  [0m] Created slice User and Session Slice.
[[0;32m  OK  [0m] Reached target Slices.
         Starting Monitoring of LVM2 mirrorsâ€¦ng dmeventd or progress polling...
[[0;32m  OK  [0m] Listening on /dev/initctl Compatibility Named Pipe.
         Starting Load Kernel Modules...
[[0;32m  OK  [0m] Reached target Swap.
[[0;32m  OK  [0m] Started Journal Service.
[[0;32m  OK  [0m] Mounted POSIX Message Queue File System.
[[0;32m  OK  [0m] Mounted Kernel Debug File System.
[[0;32m  OK  [0m] Started Uncomplicated firewall.
[[0;32m  OK  [0m] Started Create list of required staâ€¦vice nodes for the current kernel.
[[0;32m  OK  [0m] Mounted Huge Pages File System.
[[0;32m  OK  [0m] Started File System Check Daemon to report status.
         Starting Create Static Device Nodes in /dev...
[[0;32m  OK  [0m] Started udev Coldplug all Devices.
[[0;32m  OK  [0m] Started File System Check on Root Device.
         Starting Remount Root and Kernel File Systems...
[[0;32m  OK  [0m] Started LVM2 metadata daemon.
[   11.895363] Loading iSCSI transport class v2.0-870.
[   11.995814] iscsi: registered transport (tcp)
[   12.030753] iscsi: registered transport (iser)
[[0;32m  OK  [0m] Started Load Kernel Modules.
         Mounting FUSE Control File System...
         Mounting Kernel Configuration File System...
         Starting Apply Kernel Variables...
[   12.061352] EXT4-fs (sda1): re-mounted. Opts: (null)
[[0;32m  OK  [0m] Mounted FUSE Control File System.
[[0;32m  OK  [0m] Started Remount Root and Kernel File Systems.
[[0;32m  OK  [0m] Mounted Kernel Configuration File System.
[[0;32m  OK  [0m] Started Create Static Device Nodes in /dev.
         Starting Flush Journal to Persistent Storage...
[   12.121739] random: crng init done
[   12.126318] random: 7 urandom warning(s) missed due to ratelimiting
         Starting udev Kernel Device Manager...
         Starting Load/Save Random Seed...
[[0;32m  OK  [0m] Started Set the console keyboard layout.
[[0;32m  OK  [0m] Started Monitoring of LVM2 mirrors,â€¦sing dmeventd or progress polling.
[[0;32m  OK  [0m] Started Apply Kernel Variables.
[[0;32m  OK  [0m] Reached target Local File Systems (Pre).
[[0;32m  OK  [0m] Reached target Local File Systems.
         Starting ebtables ruleset management...
         Starting Set console font and keymap...
         Starting Tell Plymouth To Write Out Runtime Data...
         Starting Commit a transient machine-id on disk...
         Starting AppArmor initialization...
[[0;32m  OK  [0m] Started udev Kernel Device Manager.
[[0;32m  OK  [0m] Started Dispatch Password Requests to Console Directory Watch.
[[0;32m  OK  [0m] Reached target Local Encrypted Volumes.
[[0;32m  OK  [0m] Started Load/Save Random Seed.
[[0;32m  OK  [0m] Started Set console font and keymap.
[[0;32m  OK  [0m] Started Tell Plymouth To Write Out Runtime Data.
[[0;32m  OK  [0m] Started Flush Journal to Persistent Storage.
         Starting Create Volatile Files and Directories...
[[0;32m  OK  [0m] Started Commit a transient machine-id on disk.
[[0;32m  OK  [0m] Started Create Volatile Files and Directories.
         Starting Update UTMP about System Boot/Shutdown...
[[0;32m  OK  [0m] Started Update UTMP about System Boot/Shutdown.
[[0;32m  OK  [0m] Started ebtables ruleset management.
[[0;32m  OK  [0m] Found device /dev/ttyS0.
[[0;32m  OK  [0m] Listening on Load/Save RF Kill Switch Status /dev/rfkill Watch.
[[0;32m  OK  [0m] Started AppArmor initialization.
         Starting Initial cloud-init job (pre-networking)...
         Starting Load AppArmor profiles managed internally by snapd...
[[0;32m  OK  [0m] Started Load AppArmor profiles managed internally by snapd.
[   17.787964] cloud-init[524]: Cloud-init v. 22.2-0ubuntu1~18.04.3 running 'init-local' at Fri, 26 Aug 2022 13:51:37 +0000. Up 17.25 seconds.
[[0;32m  OK  [0m] Started Initial cloud-init job (pre-networking).
[[0;32m  OK  [0m] Reached target Network (Pre).
         Starting Network Service...
[[0;32m  OK  [0m] Started Network Service.
         Starting Wait for Network to be Configured...
         Starting Network Name Resolution...
[[0;32m  OK  [0m] Started Network Name Resolution.
[[0;32m  OK  [0m] Reached target Network.
[[0;32m  OK  [0m] Reached target Host and Network Name Lookups.
[[0;32m  OK  [0m] Started Wait for Network to be Configured.
         Starting Initial cloud-init job (metadata service crawler)...
[   20.231291] cloud-init[645]: Cloud-init v. 22.2-0ubuntu1~18.04.3 running 'init' at Fri, 26 Aug 2022 13:51:40 +0000. Up 20.02 seconds.
[   20.236970] cloud-init[645]: ci-info: ++++++++++++++++++++++++++++++++++++++Net device info+++++++++++++++++++++++++++++++++++++++
[   20.242627] cloud-init[645]: ci-info: +--------+-------+----------------------------+---------------+--------+-------------------+
[   20.246878] cloud-init[645]: ci-info: | Device |   Up  |          Address           |      Mask     | Scope  |     Hw-Address    |
[   20.251158] cloud-init[645]: ci-info: +--------+-------+----------------------------+---------------+--------+-------------------+
[   20.255746] cloud-init[645]: ci-info: | enp0s3 |  True |         10.0.2.15          | 255.255.255.0 | global | 02:dd:70:87:b9:65 |
[   20.261025] cloud-init[645]: ci-info: | enp0s3 |  True | fe80::dd:70ff:fe87:b965/64 |       .       |  link  | 02:dd:70:87:b9:65 |
[   20.265108] cloud-init[645]: ci-info: | enp0s8 | False |             .              |       .       |   .    | 08:00:27:76:11:44 |
[   20.270102] cloud-init[645]: ci-info: |   lo   |  True |         127.0.0.1          |   255.0.0.0   |  host  |         .         |
[   20.274521] cloud-init[645]: ci-info: |   lo   |  True |          ::1/128           |       .       |  host  |         .         |
[   20.278835] cloud-init[645]: ci-info: +--------+-------+----------------------------+---------------+--------+-------------------+
[   20.283631] cloud-init[645]: ci-info: ++++++++++++++++++++++++++++Route IPv4 info+++++++++++++++++++++++++++++
[   20.287331] cloud-init[645]: ci-info: +-------+-------------+----------+-----------------+-----------+-------+
[   20.292638] cloud-init[645]: ci-info: | Route | Destination | Gateway  |     Genmask     | Interface | Flags |
[   20.296883] cloud-init[645]: ci-info: +-------+-------------+----------+-----------------+-----------+-------+
[   20.300848] cloud-init[645]: ci-info: |   0   |   0.0.0.0   | 10.0.2.2 |     0.0.0.0     |   enp0s3  |   UG  |
[   20.305563] cloud-init[645]: ci-info: |   1   |   10.0.2.0  | 0.0.0.0  |  255.255.255.0  |   enp0s3  |   U   |
[   20.310713] cloud-init[645]: ci-info: |   2   |   10.0.2.2  | 0.0.0.0  | 255.255.255.255 |   enp0s3  |   UH  |
[   20.315718] cloud-init[645]: ci-info: +-------+-------------+----------+-----------------+-----------+-------+
[   20.319679] cloud-init[645]: ci-info: +++++++++++++++++++Route IPv6 info+++++++++++++++++++
[   20.324003] cloud-init[645]: ci-info: +-------+-------------+---------+-----------+-------+
[   20.327566] cloud-init[645]: ci-info: | Route | Destination | Gateway | Interface | Flags |
[   20.332726] cloud-init[645]: ci-info: +-------+-------------+---------+-----------+-------+
[   20.335797] cloud-init[645]: ci-info: |   1   |  fe80::/64  |    ::   |   enp0s3  |   U   |
[   20.340481] cloud-init[645]: ci-info: |   3   |    local    |    ::   |   enp0s3  |   U   |
[   20.343982] cloud-init[645]: ci-info: |   4   |   ff00::/8  |    ::   |   enp0s3  |   U   |
[   20.346974] cloud-init[645]: ci-info: +-------+-------------+---------+-----------+-------+
[   22.192508] cloud-init[645]: Generating public/private rsa key pair.
[   22.198008] cloud-init[645]: Your identification has been saved in /etc/ssh/ssh_host_rsa_key.
[   22.210523] cloud-init[645]: Your public key has been saved in /etc/ssh/ssh_host_rsa_key.pub.
[   22.231422] cloud-init[645]: The key fingerprint is:
[   22.237160] cloud-init[645]: SHA256:GsT0LkrIyhuRmyjCvHOpXrZpXcuXlufhxGEE6tpwncM root@ubuntu-bionic
[   22.262161] cloud-init[645]: The key's randomart image is:
[   22.275094] cloud-init[645]: +---[RSA 2048]----+
[   22.280103] cloud-init[645]: |      .  .       |
[   22.285062] cloud-init[645]: |     o .. .      |
[   22.292471] cloud-init[645]: [[0;32m  OK  [0m] Started Initial cloud-init job (metadata service crawler).
[[0;32m  OK  [0m] Reached target Network is Online.
|      o..  .     |
[   22.299906] cloud-init[645]: | ... ...o o      |
[   22.301757] cloud-init[645]: | oo ..ooSE o     |
         Starting Availability of block devices...
[[0;32m  OK  [0m] Reached target Remote File Systems (Pre).
[[0;32m  OK  [0m] Reached target Remote File Systems.
[[0;32m  OK  [0m] Reached target System Initialization.
[[0;32m  OK  [0m] Started Daily Cleanup of Temporary Directories.
[[0;32m  OK  [0m] Listening on D-Bus System Message Bus Socket.
[[0;32m  OK  [0m] Started Discard unused blocks once a week.
[   22.308671] cloud-init[645]: |=.+. .==  + .    |
[   22.385639] cloud-init[645]: |=B o+.+.. o+     |
[   22.388060] cloud-init[645]: |o.*+o. o =o..    |
[   22.390098] cloud-init[645]: |.==o    o oo     |
[[   22.392000] cloud-init[645]: +----[SHA256]-----+
[   22.392769] cloud-init[645]: Generating public/private dsa key pair.
[   22.392804] cloud-init[645]: Your identification has been saved in /etc/ssh/ssh_host_dsa_key.
[   22.393897] cloud-init[645]: Your public key has been saved in /etc/ssh/ssh_host_dsa_key.pub.
[   22.394421] cloud-init[645]: The key fingerprint is:
[   22.394953] cloud-init[645]: SHA256:AuO+3wZdCmXJrn47b2AGipuHmyUy8maAj0IBp75PxiQ root@ubuntu-bionic
[   22.395562] cloud-init[645]: The key's randomart image is:
[   22.397227] cloud-init[645]: +---[DSA 1024]----+
[   22.397546] cloud-init[645]: |       . .       |
[   22.397945] cloud-init[645]: |. .     =        |
[   22.398523] cloud-init[645]: |.o  o  +         |
[   22.399061] cloud-init[645]: |.. . oo . .      |
[   22.399562] cloud-init[645]: |oE.o...=So       |
[   22.399955] cloud-init[645]: |oo=.. o.*        |
[   22.400835] cloud-init[645]: |=+oBo. + .       |
[   22.401240] cloud-init[645]: |+=X+....+ .      |
[   22.401625] cloud-init[645]: |.o=+...oo=.      |
[   22.402051] cloud-init[645]: +----[SHA256]-----+
[   22.402452] cloud-init[645]: Generating public/private ecdsa key pair.
[   22.402856] cloud-init[645]: Your identification has been saved in /etc/ssh/ssh_host_ecdsa_key.
[   22.403277] cloud-init[645]: Your public key has been saved in /etc/ssh/ssh_host_ecdsa_key.pub.
[   22.403692] cloud-init[645]: The key fingerprint is:
[   22.404684] cloud-init[645]: SHA256:rLMRnMfu6XKbMD4q8JeoLFgWArtKHujO4pnrsnmVwBU root@ubuntu-bionic
[   22.404776] cloud-init[645]: The key's randomart image is:
[   22.404832] cloud-init[645]: +---[ECDSA 256]---+
[   22.404868] cloud-init[645]: |    E.           |
[   22.405336] cloud-init[645]: |.   .            |
[   22.405731] cloud-init[645]: |.o .             |
[   22.406132] cloud-init[645]: |o +  . +         |
[   22.406547] cloud-init[645]: |.o o .+ S        |
[   22.412836] cloud-init[645]: |+oo o  =         |
[   22.412887] cloud-init[645]: |*=.o .* .        |
[   22.412920] cloud-init[645]: |O+B o.oB.o       |
[   22.412969] cloud-init[645]: |@&.o..o=*.       |
[   22.413002] cloud-init[645]: +----[SHA256]-----+
[   22.413031] cloud-init[645]: Generating public/private ed25519 key pair.
[   22.413060] cloud-init[645]: Your identification has been saved in /etc/ssh/ssh_host_ed25519_key.
[   22.413088] cloud-init[645]: Your public key has been saved in /etc/ssh/ssh_host_ed25519_key.pub.
[   22.413119] cloud-init[645]: The key fingerprint is:
[   22.413195] cloud-init[645]: SHA256:wf0To+pkqUKLlKZ9tHbD8ctcHZGK5CxwjztfldAjzsY root@ubuntu-bionic
[   22.413260] cloud-init[645]: The key's randomart image is:
[   22.413301] cloud-init[645]: +--[ED25519 256]--+
[   22.413332] cloud-init[645]: |                 |
[   22.413364] cloud-init[645]: |       . . . .   |
[   22.413395] cloud-init[645]: |    . . + + B    |
[   22.413426] cloud-init[645]: |     o * * * *   |
[   22.413454] cloud-init[645]: |   .  o S E *    |
[   22.413484] cloud-init[645]: |  + o .o + o o   |
[   22.413517] cloud-init[645]: | = + +oo= o .    |
[   22.413550] cloud-init[645]: |. o * +X.o       |
[   22.413612] cloud-init[645]: |   o o..*.       |
[   22.416398] cloud-init[645]: +----[SHA256]-----+
[0;32m  OK  [0m] Started ACPI Events Check.
         Starting LXD - unix socket.
[[0;32m  OK  [0m] Listening on Open-iSCSI iscsid Socket.
[[0;32m  OK  [0m] Started Message of the Day.
[[0;32m  OK  [0m] Started Ubuntu Advantage Timer for running repeated jobs.
[[0;32m  OK  [0m] Listening on UUID daemon activation socket.
[[0;32m  OK  [0m] Listening on cloud-init hotplug hook socket.
[[0;32m  OK  [0m] Listening on ACPID Listen Socket.
[[0;32m  OK  [0m] Started Daily apt download activities.
[[0;32m  OK  [0m] Started Daily apt upgrade and clean activities.
[[0;32m  OK  [0m] Reached target Timers.
         Starting Socket activation for snappy daemon.
[[0;32m  OK  [0m] Reached target Paths.
[[0;32m  OK  [0m] Reached target Cloud-config availability.
[[0;32m  OK  [0m] Started Availability of block devices.
[[0;32m  OK  [0m] Listening on LXD - unix socket.
[[0;32m  OK  [0m] Listening on Socket activation for snappy daemon.
[[0;32m  OK  [0m] Reached target Sockets.
[[0;32m  OK  [0m] Reached target Basic System.
         Starting Accounts Service...
         Starting LXD - container startup/shutdown...
         Starting Dispatcher daemon for systemd-networkd...
[[0;32m  OK  [0m] Started Regular background program processing daemon.
         Starting System Logging Service...
         Starting Permit User Sessions...
[[0;32m  OK  [0m] Started Deferred execution scheduler.
         Starting LSB: automatic crash report generation...
[[0;32m  OK  [0m] Started FUSE filesystem for LXC.
         Starting LSB: Record successful boot for GRUB...
[[0;32m  OK  [0m] Started irqbalance daemon.
         Starting Login Service...
         Starting Snap Daemon...
[[0;32m  OK  [0m] Started D-Bus System Message Bus.
         Starting Virtualbox guest utils...
         Starting Pollinate to seed the pseudo random number generator...
[[0;32m  OK  [0m] Started System Logging Service.
[[0;32m  OK  [0m] Started Dispatcher daemon for systemd-networkd.
[[0;32m  OK  [0m] Started Permit User Sessions.
[[0;32m  OK  [0m] Started Login Service.
         Starting Authorization Manager...
[[0;32m  OK  [0m] Started Unattended Upgrades Shutdown.
         Starting Terminate Plymouth Boot Screen...
         Starting Hold until boot process finishes up...
[[0;32m  OK  [0m] Started Hold until boot process finishes up.
[[0;32m  OK  [0m] Started Serial Getty on ttyS0.
         Starting Set console scheme...
[[0;32m  OK  [0m] Started Terminate Plymouth Boot Screen.
[[0;32m  OK  [0m] Started LSB: Record successful boot for GRUB.
[[0;32m  OK  [0m] Started LSB: automatic crash report generation.
[[0;32m  OK  [0m] Started Set console scheme.
[[0;32m  OK  [0m] Created slice system-getty.slice.
[[0;32m  OK  [0m] Started Getty on tty1.
[[0;32m  OK  [0m] Reached target Login Prompts.
[[0;32m  OK  [0m] Started Authorization Manager.
[[0;32m  OK  [0m] Started Accounts Service.
[[0;32m  OK  [0m] Started Virtualbox guest utils.
[[0;32m  OK  [0m] Started LXD - container startup/shutdown.
[[0;32m  OK  [0m] Started Snap Daemon.
         Starting Wait until snapd is fully seeded...
         Starting Time & Date Service...
[[0;32m  OK  [0m] Started Time & Date Service.
[[0;32m  OK  [0m] Started Pollinate to seed the pseudo random number generator.
         Starting OpenBSD Secure Shell server...
[[0;32m  OK  [0m] Started Wait until snapd is fully seeded.
         Starting Apply the settings specified in cloud-config...
[[0;32m  OK  [0m] Started OpenBSD Secure Shell server.
[[0;32m  OK  [0m] Created slice User Slice of vagrant.
         Starting User Manager for UID 1000...
[[0;32m  OK  [0m] Started Session 1 of user vagrant.
[[0;32m  OK  [0m] Started User Manager for UID 1000.

Ubuntu 18.04.6 LTS ubuntu-bionic ttyS0

ubuntu-bionic login: [   31.478900] cloud-init[1222]: Cloud-init v. 22.2-0ubuntu1~18.04.3 running 'modules:config' at Fri, 26 Aug 2022 13:51:49 +0000. Up 29.56 seconds.
ci-info: no authorized SSH keys fingerprints found for user ubuntu.
<14>Aug 26 13:51:52 cloud-init: #############################################################
<14>Aug 26 13:51:52 cloud-init: -----BEGIN SSH HOST KEY FINGERPRINTS-----
<14>Aug 26 13:51:52 cloud-init: 1024 SHA256:AuO+3wZdCmXJrn47b2AGipuHmyUy8maAj0IBp75PxiQ root@ubuntu-bionic (DSA)
<14>Aug 26 13:51:52 cloud-init: 256 SHA256:rLMRnMfu6XKbMD4q8JeoLFgWArtKHujO4pnrsnmVwBU root@ubuntu-bionic (ECDSA)
<14>Aug 26 13:51:52 cloud-init: 256 SHA256:wf0To+pkqUKLlKZ9tHbD8ctcHZGK5CxwjztfldAjzsY root@ubuntu-bionic (ED25519)
<14>Aug 26 13:51:52 cloud-init: 2048 SHA256:GsT0LkrIyhuRmyjCvHOpXrZpXcuXlufhxGEE6tpwncM root@ubuntu-bionic (RSA)
<14>Aug 26 13:51:52 cloud-init: -----END SSH HOST KEY FINGERPRINTS-----
<14>Aug 26 13:51:52 cloud-init: #############################################################
-----BEGIN SSH HOST KEY KEYS-----
ecdsa-sha2-nistp256 AAAAE2VjZHNhLXNoYTItbmlzdHAyNTYAAAAIbmlzdHAyNTYAAABBBNRWRXDsP2CliraA9/GIWoYX42wxlo8xVacZzqOMW3T4wdwHjWb4rtwEJNIZqZyFdXOm67vhzTRu/i79aKU5SrU= root@ubuntu-bionic
ssh-ed25519 AAAAC3NzaC1lZDI1NTE5AAAAIA9+/kFpcY0acoI+y5bjOHWZpAgprrvU98B0p40zNXEf root@ubuntu-bionic
ssh-rsa AAAAB3NzaC1yc2EAAAADAQABAAABAQC9cynb6hDF5ccx2Aa4cmNqxmCZpvNhpSNlXYBYCEqWTiczpLsN2C3T8AUDP4cpNCR6mUisAvgJ3IZC50nKJhN5gNjWpYikrscygcj3vDRa5osElVy8tOUJr/w7oyd2V/PLukYGVaglws02jPO8ZpHCMB8L0tQPrYMZqo1gjUxV+hGYSHBMnPZZJZ42c2sHrrsxPXPK+vHqQ1PRCkD9rkpl3I6nWnkIGwf3l4DgosM21AwIK8bvXOl6JTzURopbePhiKxf3jI/nhjWVNLLEHGysFLMIU18m3VilnKTOf32khltgF+mGHFbhDfcma1qIkhTJYIoCRIQYRw8vzHwPWqIP root@ubuntu-bionic
-----END SSH HOST KEY KEYS-----
[   32.324531] cloud-init[1325]: Cloud-init v. 22.2-0ubuntu1~18.04.3 running 'modules:final' at Fri, 26 Aug 2022 13:51:52 +0000. Up 32.03 seconds.
[   32.325712] cloud-init[1325]: Cloud-init v. 22.2-0ubuntu1~18.04.3 finished at Fri, 26 Aug 2022 13:51:52 +0000. Datasource DataSourceNoCloud [seed=/dev/sdb][dsmode=net].  Up 32.29 seconds
